%!Adobe-FontList 1.25
%Locale:0x412

%BeginFont
Handler:DirectoryHandler
FontType:TrueType
FontName:Galmuri14-Regular
FamilyName:Galmuri14
StyleName:Regular
FullName:Galmuri14 Regular
MenuName:Galmuri14 Regular
StyleBits:0
FamilyNameNative:Galmuri14
StyleNameNative:Regular
FullNameNative:Galmuri14 Regular
WritingScript:Korean
OutlineFileName:C:\Users\user\Desktop\뻐꾸기\jieunny\Font\Galmuri14.ttf
DataFormat:sfntData
hasSVG:no
hasCOLR:no
VariableFontType:NonVariableFont
FileLength:5624060
FileModTime:1730888468
WeightClass:400
WidthClass:5
AngleClass:0
NameArray:0,Mac,4,Galmuri14 Regular
NameArray:0,Win,1,Galmuri14 Regular
NameArray:0,Win,16,Galmuri14
%EndFont

